// Jest Snapshot v1, https://goo.gl/fbAQLP

exports[`renders FlameGraph correctly 1`] = `
<div
  aria-labelledby="flame-graph-tab-button"
  class="flameGraph"
  id="flame-graph-tab"
  role="tabpanel"
>
  <div
    class="stackSettings"
  >
    <ul
      class="stackSettingsList"
    >
      <li
        class="stackSettingsListItem stackSettingsFilter"
      >
        <label
          class="stackSettingsFilterLabel"
        >
          <input
            class="stackSettingsFilterInput"
            name="stack-settings-filter"
            title="Filter stack frames to a type."
            type="radio"
            value="combined"
          />
          All stacks
        </label>
        <label
          class="stackSettingsFilterLabel"
        >
          <input
            class="stackSettingsFilterInput"
            name="stack-settings-filter"
            title="Filter stack frames to a type."
            type="radio"
            value="js"
          />
          JavaScript
        </label>
        <label
          class="stackSettingsFilterLabel"
        >
          <input
            class="stackSettingsFilterInput"
            name="stack-settings-filter"
            title="Filter stack frames to a type."
            type="radio"
            value="cpp"
          />
          Native
        </label>
      </li>
    </ul>
    <div
      class="stackSearchField stackSettingsSearchField"
    >
      <label
        class="stackSearchFieldLabel"
      >
        Filter stacks: 
        <form
          class="idleSearchField stackSearchFieldInput"
        >
          <input
            class="idleSearchFieldInput photon-input"
            name="search"
            placeholder="Enter filter terms"
            required=""
            title="Only display stacks which contain a function whose name matches this substring"
            type="search"
            value=""
          />
          <input
            class="idleSearchFieldButton"
            tabindex="-1"
            type="reset"
          />
        </form>
        <div
          class="stackSearchFieldIntroduction isHidden"
        >
          Did you know you can use the comma (,) to search using several terms?
        </div>
      </label>
    </div>
  </div>
  <ol
    class="filterNavigatorBar calltreeTransformNavigator"
  >
    <li
      class="filterNavigatorBarItem filterNavigatorBarRootItem filterNavigatorBarSelectedItem filterNavigatorBarLeafItem"
      data-index="0"
      title="Complete \\"Empty\\""
    >
      <button
        class="filterNavigatorBarItemContent"
        type="button"
      >
        Complete "Empty"
      </button>
    </li>
  </ol>
  <div
    class="flameGraphContent"
  >
    <div
      class="react-contextmenu-wrapper treeViewContextMenu"
    >
      <div
        class="chartViewport"
        tabindex="0"
      >
        <div>
          <canvas
            class="chartCanvas flameGraphCanvas"
            height="300"
            style="width: 200px; height: 300px;"
            width="200"
          />
        </div>
        <div
          class="chartViewportShiftScroll hidden"
        >
          Zoom Chart:
          <kbd
            class="chartViewportShiftScrollKbd"
          >
            Shift
          </kbd>
          <kbd
            class="chartViewportShiftScrollKbd"
          >
            Scroll
          </kbd>
        </div>
      </div>
    </div>
  </div>
</div>
`;

exports[`renders FlameGraph correctly 2`] = `
Array [
  Array [
    "scale",
    1,
    1,
  ],
  Array [
    "measureText",
    "abcdefghijklmnopqrstuvwxyzABCDEFGHIJKLMNOPQRSTUVWXYZ.()< /:-_",
  ],
  Array [
    "measureText",
    "â€¦",
  ],
  Array [
    "set fillStyle",
    "#ffffff",
  ],
  Array [
    "fillRect",
    0,
    0,
    200,
    300,
  ],
  Array [
    "set fillStyle",
    "#0060df60",
  ],
  Array [
    "fillRect",
    0,
    284,
    200,
    15,
  ],
  Array [
    "set fillStyle",
    "#ffffff",
  ],
  Array [
    "fillRect",
    0,
    284,
    1,
    15,
  ],
  Array [
    "measureText",
    "A",
  ],
  Array [
    "set fillStyle",
    "#000",
  ],
  Array [
    "fillText",
    "A",
    3,
    295,
  ],
  Array [
    "set fillStyle",
    "#0060df60",
  ],
  Array [
    "fillRect",
    0,
    268,
    200,
    15,
  ],
  Array [
    "set fillStyle",
    "#ffffff",
  ],
  Array [
    "fillRect",
    0,
    268,
    1,
    15,
  ],
  Array [
    "measureText",
    "B",
  ],
  Array [
    "set fillStyle",
    "#000",
  ],
  Array [
    "fillText",
    "B",
    3,
    279,
  ],
  Array [
    "set fillStyle",
    "#12bc0060",
  ],
  Array [
    "fillRect",
    0,
    252,
    133.33333333333331,
    15,
  ],
  Array [
    "set fillStyle",
    "#ffffff",
  ],
  Array [
    "fillRect",
    0,
    252,
    1,
    15,
  ],
  Array [
    "measureText",
    "C",
  ],
  Array [
    "set fillStyle",
    "#000",
  ],
  Array [
    "fillText",
    "C",
    3,
    263,
  ],
  Array [
    "set fillStyle",
    "#45a1ff60",
  ],
  Array [
    "fillRect",
    133.33333333333331,
    252,
    66.66666666666667,
    15,
  ],
  Array [
    "set fillStyle",
    "#ffffff",
  ],
  Array [
    "fillRect",
    133.33333333333331,
    252,
    1,
    15,
  ],
  Array [
    "measureText",
    "H",
  ],
  Array [
    "set fillStyle",
    "#000",
  ],
  Array [
    "fillText",
    "H",
    136.33333333333331,
    263,
  ],
  Array [
    "set fillStyle",
    "#12bc0060",
  ],
  Array [
    "fillRect",
    0,
    236,
    66.66666666666666,
    15,
  ],
  Array [
    "set fillStyle",
    "#ffffff",
  ],
  Array [
    "fillRect",
    0,
    236,
    1,
    15,
  ],
  Array [
    "measureText",
    "D",
  ],
  Array [
    "set fillStyle",
    "#000",
  ],
  Array [
    "fillText",
    "D",
    3,
    247,
  ],
  Array [
    "set fillStyle",
    "#12bc0060",
  ],
  Array [
    "fillRect",
    66.66666666666666,
    236,
    66.66666666666666,
    15,
  ],
  Array [
    "set fillStyle",
    "#ffffff",
  ],
  Array [
    "fillRect",
    66.66666666666666,
    236,
    1,
    15,
  ],
  Array [
    "measureText",
    "F",
  ],
  Array [
    "set fillStyle",
    "#000",
  ],
  Array [
    "fillText",
    "F",
    69.66666666666666,
    247,
  ],
  Array [
    "set fillStyle",
    "#45a1ff60",
  ],
  Array [
    "fillRect",
    133.33333333333331,
    236,
    66.66666666666667,
    15,
  ],
  Array [
    "set fillStyle",
    "#ffffff",
  ],
  Array [
    "fillRect",
    133.33333333333331,
    236,
    1,
    15,
  ],
  Array [
    "measureText",
    "I",
  ],
  Array [
    "set fillStyle",
    "#000",
  ],
  Array [
    "fillText",
    "I",
    136.33333333333331,
    247,
  ],
  Array [
    "set fillStyle",
    "#12bc0060",
  ],
  Array [
    "fillRect",
    0,
    220,
    66.66666666666666,
    15,
  ],
  Array [
    "set fillStyle",
    "#ffffff",
  ],
  Array [
    "fillRect",
    0,
    220,
    1,
    15,
  ],
  Array [
    "measureText",
    "E",
  ],
  Array [
    "set fillStyle",
    "#000",
  ],
  Array [
    "fillText",
    "E",
    3,
    231,
  ],
  Array [
    "set fillStyle",
    "#12bc0060",
  ],
  Array [
    "fillRect",
    66.66666666666666,
    220,
    66.66666666666666,
    15,
  ],
  Array [
    "set fillStyle",
    "#ffffff",
  ],
  Array [
    "fillRect",
    66.66666666666666,
    220,
    1,
    15,
  ],
  Array [
    "measureText",
    "G",
  ],
  Array [
    "set fillStyle",
    "#000",
  ],
  Array [
    "fillText",
    "G",
    69.66666666666666,
    231,
  ],
]
`;

exports[`renders a message instead of FlameGraph when call stack is inverted 1`] = `
<div
  aria-labelledby="flame-graph-tab-button"
  class="flameGraph"
  id="flame-graph-tab"
  role="tabpanel"
>
  <div
    class="stackSettings"
  >
    <ul
      class="stackSettingsList"
    >
      <li
        class="stackSettingsListItem stackSettingsFilter"
      >
        <label
          class="stackSettingsFilterLabel"
        >
          <input
            class="stackSettingsFilterInput"
            name="stack-settings-filter"
            title="Filter stack frames to a type."
            type="radio"
            value="combined"
          />
          All stacks
        </label>
        <label
          class="stackSettingsFilterLabel"
        >
          <input
            class="stackSettingsFilterInput"
            name="stack-settings-filter"
            title="Filter stack frames to a type."
            type="radio"
            value="js"
          />
          JavaScript
        </label>
        <label
          class="stackSettingsFilterLabel"
        >
          <input
            class="stackSettingsFilterInput"
            name="stack-settings-filter"
            title="Filter stack frames to a type."
            type="radio"
            value="cpp"
          />
          Native
        </label>
      </li>
    </ul>
    <div
      class="stackSearchField stackSettingsSearchField"
    >
      <label
        class="stackSearchFieldLabel"
      >
        Filter stacks: 
        <form
          class="idleSearchField stackSearchFieldInput"
        >
          <input
            class="idleSearchFieldInput photon-input"
            name="search"
            placeholder="Enter filter terms"
            required=""
            title="Only display stacks which contain a function whose name matches this substring"
            type="search"
            value=""
          />
          <input
            class="idleSearchFieldButton"
            tabindex="-1"
            type="reset"
          />
        </form>
        <div
          class="stackSearchFieldIntroduction isHidden"
        >
          Did you know you can use the comma (,) to search using several terms?
        </div>
      </label>
    </div>
  </div>
  <ol
    class="filterNavigatorBar calltreeTransformNavigator"
  >
    <li
      class="filterNavigatorBarItem filterNavigatorBarRootItem filterNavigatorBarSelectedItem filterNavigatorBarLeafItem"
      data-index="0"
      title="Complete \\"Empty\\""
    >
      <button
        class="filterNavigatorBarItemContent"
        type="button"
      >
        Complete "Empty"
      </button>
    </li>
  </ol>
  <div
    class="flameGraphDisabledMessage"
  >
    <h3>
      The Flame Graph is not available for inverted call stacks
    </h3>
    <p>
      <button
        type="button"
      >
        Switch to the normal call stack
      </button>
       
      to show the Flame Graph.
    </p>
  </div>
</div>
`;
